73
1 Foot_Gun.veh
1 K2.veh
1 Generic_Truck.veh
1 Generic_Tank.veh
2 Ka-52K.veh
1 M1A1.veh
1 SA-6.veh
1 SA-17.veh
1 Foot_Missile.veh
1 Foot_Mtr.veh
1 M2A2.veh
2 MH-60.veh
1 BRDM-1.veh
1 BRDM-1.veh
1 BTR-60.veh
1 SA-8.veh
1 SA-9.veh
1 T-55.veh
1 T-62.veh
1 T-80.veh
2 AH-64D.veh
2 AH-64E.veh
2 AH-64A.veh
1 BMP-1.veh
1 BMP-2.veh
1 BMP-3.veh
1 BMP-1KSh.veh
1 ACRV.veh
1 Dog_Ear.veh
1 Snow_Drift.veh
1 2T7M.veh
1 ZSU-23-4.veh
4 Osumi_Class.veh
4 Burke_Class.veh
4 Kuznetsov_Class.veh
1 Straight_Flush.veh
2 Mi-24.veh
4 Shirane_Class.veh
2 Mi-8.veh
2 Mi-28.veh
4 Sovremeny_Class.veh
4 Kirov_Class.veh
4 Ticonderoga_Class.veh
4 Nimitz_Class.veh
2 AH-1S.veh
2 Mi-26.veh
2 CH-47.veh
1 SA-19.veh
4 Wasp_Class.veh
2 UH-1.veh
1 AN_MPQ-46.veh
1 AN_MPQ-50.veh
1 AN_MPQ-55.veh
1 MIM-23_Hawk.veh
1 Long_Track.veh
1 SA-11.veh
1 AAV-7.veh
1 Type_16.veh
1 Challenger.veh
2 MD-500.veh
2 OH-58.veh
2 UH-60.veh
2 CH-53.veh
2 Ka-52.veh
1 M11xx_LAV.veh
1 UAZ.veh
1 MDK-2M.veh
1 Centurion.veh
1 M113.veh
4 Gwanggaeto_Class.veh
1 ZPU-2.veh
1 ZU-23.veh
1 ZTZ-96A.veh