130
Generic
AN_AGP-68V4
Dog_Ear
RBE2
Generic
RP-21_Sapfir
RP-23ML_Sapfir-23
RP-25M_Sapfir-25
RP-31_Zaslon
Hot_Shot
Vega-M
F-18_AGRS
Fan_Song_F
AN_APG-78
AN_AGP-68V9
AN_APG-66V2A
KSAM
APS-145
AN_APY-2
F-14_AGRS
AN_APG-73
Gun_Dish
AN_APG-77
AN_APQ-120
AN_APQ-159
Generic
Long_Track
AN_MPQ-46
Nike
SRD-3_Grad
Generic
Generic
Generic
F-16_AGRS
RDY
Skyguard
Square_Pair
AN_MPQ-53
Generic
Fan_Song_E
Low_Blow
Pat_Hand
Bar_Lock
Straight_Flush
Land_Roll
Spoon_Rest
Flap_Lid
Snap_Shot
N019_Sapfir-29
PS_37
RP-26_Taifun
Flat_Face
Scrum_Half
53_naval
54_naval
Foxhunter
TPS-830K
57_naval
GMR_TFR
Generic
Generic
Fire_Can
AN_APG-70
Generic
N001_Mech
N019M_Topaz
Generic
Generic
Cyrano_II
Generic
70_UNUSED
ECR-90_Captor
Kopyo-25
RP-22_Sapfir-21
SRD-5M_Kvantum
MAWS
Generic
77_naval
RDI
Generic
Generic
Generic
Generic
Generic
AN_AWG-9
AN_APG-71
AN_APG-63
AN_AGP-66
Generic
AN_APG-65
Generic
Odd_Group
N011ME_Bars
PNA-D_Rubin
Crown_Drum
Clam_Pipe
Antilope_5
Fire_Dome
Chair_Back
AN_APQ-99
Generic
Generic
SCP-01_Scipio
103_naval
104_naval
105_naval
106_naval
A-4_AGRS
F-15_AGRS
F-5_AGRS
110_naval
111_naval
Generic
AN_APQ-145
Cyrano_IVM
AN_MPQ-50
Generic
117_naval
Big_Bird
Snow_Drift
AN_APQ-109
AN_MPQ-55
Kam_Lung_GD-53
UV-26
Generic
KLJ-5
126_76n6
Tombstone
Big_Bird_PMU1
AN_APG-81