199
A-10A
A-10C
A-4E
A-4SU
A-50
A-6E
A-7E
AC-130H
F-104C
An-124
An-2
An-24
An-72
AV-8B+
AV-8B
B-1B
B-2A
B-52G
B-52H
C-130
C-141
C-160D
C-160R AG
C-160R NG
C-160T
C-17
C-5
CF-188A RCAF
E-2C
E-3A
E-8C
EA-18G
EA-6B
EF-111A
EF-18M SPAF
EF-2000
F-104DJ JASDF
F-104J
F-111E
F-111F
F-117A
F-14A
F-14B
F-14D
F-15A
F-15C
F-15C IAF
F-15CJ JASDF
F-15D
F-15DJ JASDF
F-15E-220
F-15E-229
F-15I IAF
F-15K ROKAF
F-16A-15 IAF
F-16AM BAC
F-16AM RDAF
F-16AM RJAF
F-16AM RNLAF
F-16AM RNoAF
F-16B-15
F-16B-15 IAF
F-16A-15
F-16C-25
F-16C-30
F-16C-30 AGRS
F-16C-32
F-16C-32 AGRS
F-16CM-40
F-16CM-42
F-16CM-50
F-16C-52+ HAF
F-16C-52+ CFT HAF
F-16CM-52
F-16C-30 IAF
F-16C-32 EAF
F-16C-40 EAF
F-16C-40 IAF
F-16C-52+ EAF
F-16D-52+ CFT RSAF
F-16DG-30 IAF
F-16DG-40 IAF
F-16DM-40
F-16DM-52
F-16I-52+ CFT IAF
F-16I-52+ IAF
F-18A+ AGRS
F-18A
F-18B
F-18C
F-18D
F-18E
F-18F
F-22A
RF-4E
F-4E ROKAF
F-4EJ JASDF
F-4G
F-5E
FA-2
F-104G
Il-28
Il-76M
Il-78M
J-5
J-7
J-8
JA-37
Jaguar GR3
KC-10
KC-135R
F-16C-32 ROKAF
F-16C-52 ROKAF
MB-339
MiG-17PF
MiG-19PM
J-6
MiG-21F-13
MiG-21bis
MiG-21MF
MiG-23ML
MiG-25
MiG-27
MiG-29A
MiG-29G
MiG-29M
MiG-29S
MiG-31
Mirage 2000-5
Mirage 2000C
Mirage 2000D
Mirage 2000EGM
Mirage 2000N
Mirage F1CT
Mirage IIIE
MV-22
OV-10D
Q-5N
Rafale C
RC-135W
SR-71
Su-15
Su-17
Su-24
Su-25
Su-27
Su-27UB
Su-30SM2
J-16
Su-33
Su-34
Su-35S
F-18C RAAF
Su-39
Su-7BMK
Tornado F3
Tornado ECR
Tornado GR1
Tornado GR4
Tornado IDS
Tu-16
Tu-160
Tu-16N
Tu-22M
Tu-95
U-2
A-4PTM
A-4E AGRS
J-6B
Su-22
KC-135E
Mirage 2000-9
F-CK-1C
KDC-10
F-4F GAF
F-4D ROKAF
F-5A
F-CK-1D
F-4M RAF
AJ-37
Q-5II
MQ-9
J-20
Su-35SK
Yak-38
KC-130
WJ-1
Jaguar A
Mirage F1CR
F-16C-50 HAF
Mitsubishi F-1
Mitsubishi T-2
An-22
KF-21
Saetbyol-9
Su-30MKK
Su-30MKM
J-15T
F-35A