228
AIM-9M
AIM-120B
AGM-65B
AGM-65D
AGM-45
AGM-88
SA-6B
2_75in
AGM-xxx
AIM-9P
AIM-54C
AA-7B
AA-7A
AA-9
AA-10B
AA-10A
AA-11
AIM-7
SA-7
SA-13
SA-9
SA-14
SA-2F
SA-3B
SA-4B
SA-5C
SA-8
SA-15
AA-1
AA-2B
AS-10
AS-11
AS-14B
ATGM
Patriot
Hawk
Nike
AA-2C
AA-12
AA-8
AA-6A
AA-6B
SA-19
AGM-65E
FIM-92
CrotaleNG
AS-7
AS-12
LAAW
AA-10C
HN-5A
AGM-65G
AGM-114K
AT-6
PL-7
PL-8
AS-17
Mistral
SA-10
SA-16
AS-18
AGM-142
AGM-84E
AGM-130
GBU-15
S-24
RIM-66M
RIM-7M
SA-N-9
AIM-9X
Python4
S-5
SS-N-22
AIM-9L
Super_530D
AA-10D
AGM-65L
AGM-119
AGM-123
AGM-12B
AGM-12C
AGM-62
AGM-78
AGM-84A
AAM-3
AAM-4
ASM-2
PL-10E
AIM-7E2
AIM-9B
AIM-9D
AIM-9E
AIM-9G
AIM-9H
AIM-9J
GSC-1_JM117
ALARM
UNUSED_AlHussein
AM-39
AS-14A
AS-16
AS-17A
AS-20
UNUSED_AS-22
AS-30L
AS-34
AS-37
AIM-132
AT-16
UNUSED_BGM-109B
BGM-109C
Meteor
AGM-86C
UNUSED_D-5
UNUSED_Derby
UNUSED_FLIR
UNUSED_GBU-31
UNUSED_GBU-32
UNUSED_GBU-34
UNUSED_GBU-35
GBU-36
GBU-37
UNUSED_HVAR
AGM-154A
UNUSED_Mk-63
MM38
UNUSED_MM40
Python3
R550
RGM-84A
UNUSED_S-13
S-25
UNUSED_S-8
SA-11
UNUSED_SA-17
SCUD_A
SCUD_B
Skyflash
AGM-84H
UNUSED_SS-N-20
UNUSED_SS-N-23
Stormshadow
AS-6
RIM-67A
RIM-66E
UNUSED_Albatros
UNUSED_Otomat
RIM-67D
AIM-7F
AIM-7D
AIM-7E
GSC-1_Mk82
AGM-621
AIM-54A
UNUSED_SeaDart
ASROC
UNUSED_RIM-24
UNUSED_RIM-2
UNUSED_RIM-8
UNUSED_SeaWolf
SS-N-19
SS-N-3
SS-N-12
SS-N-9
UNUSED_AA-3A
UNUSED_AA-3B
UNUSED_AA-5A
UNUSED_AA-5B
UNUSED_Crotale
UNUSED_Lance
UNUSED_PershingI
UNUSED_PershingII
UNUSED_Javelin
UNUSED_AFDS
AGM-65A
AGM-69A
ALCM
ACM
AGM-131
AGM-158
AIM-120C
IRIS-T
SA-N-6
R550M2
MICA_EM
MICA_IR
Apache
scalp
AGM-154C
BGM-71
Spice_1000
Spice_1000P
Spice_2000
Spice_2000P
GBU-39
Python5
Taurus
AASM
Delilah
Armat
PL-12
CSS-N-8
WanChien
TC-2
HF-2
TC-1
Rampage
RIM-162
HJ-10
CATM-9M
CATM-9X
CATM-88D
CATM-120B
CATM-120C
CATM-IRIS-T
TGM-65G
CATM-120B-AA-12
CATM-120C-PL-12
ASM-1
PL-17
YJ-12
S-13
AKF98A
Kh-36G-1
PL-15
SA-20
AKF088C
AA-13